d:\leafmain\code\c++\projects\cppgame\推棋\推棋\x64\debug\vc143.pdb
d:\leafmain\code\c++\projects\cppgame\推棋\推棋\x64\debug\vc143.idb
d:\leafmain\code\c++\projects\cppgame\推棋\推棋\x64\debug\main.obj
d:\leafmain\code\c++\projects\cppgame\推棋\推棋\x64\debug\c_window.obj
d:\leafmain\code\c++\projects\cppgame\推棋\推棋\x64\debug\d_variable.obj
d:\leafmain\code\c++\projects\cppgame\推棋\推棋\x64\debug\c_game.obj
d:\leafmain\code\c++\projects\cppgame\推棋\推棋\x64\debug\d_constant.obj
d:\leafmain\code\c++\projects\cppgame\推棋\推棋\x64\debug\c_player.obj
d:\leafmain\code\c++\projects\cppgame\推棋\推棋\x64\debug\c_direction.obj
d:\leafmain\code\c++\projects\cppgame\推棋\推棋\x64\debug\c_chessboard.obj
d:\leafmain\code\c++\projects\cppgame\推棋\推棋\x64\debug\c_chess.obj
d:\leafmain\code\c++\projects\cppgame\推棋\x64\debug\推棋.exe
d:\leafmain\code\c++\projects\cppgame\推棋\x64\debug\推棋.pdb
d:\leafmain\code\c++\projects\cppgame\推棋\推棋\x64\debug\推棋.ilk
d:\leafmain\code\c++\projects\cppgame\推棋\推棋\x64\debug\推棋.tlog\cl.command.1.tlog
d:\leafmain\code\c++\projects\cppgame\推棋\推棋\x64\debug\推棋.tlog\cl.items.tlog
d:\leafmain\code\c++\projects\cppgame\推棋\推棋\x64\debug\推棋.tlog\cl.read.1.tlog
d:\leafmain\code\c++\projects\cppgame\推棋\推棋\x64\debug\推棋.tlog\cl.write.1.tlog
d:\leafmain\code\c++\projects\cppgame\推棋\推棋\x64\debug\推棋.tlog\link.command.1.tlog
d:\leafmain\code\c++\projects\cppgame\推棋\推棋\x64\debug\推棋.tlog\link.read.1.tlog
d:\leafmain\code\c++\projects\cppgame\推棋\推棋\x64\debug\推棋.tlog\link.secondary.1.tlog
d:\leafmain\code\c++\projects\cppgame\推棋\推棋\x64\debug\推棋.tlog\link.write.1.tlog
